type ADSR size 280x597
  child 0 component id="" at 0,0 0x0 visible=0 title="Oscilloscope" tip="Oscilloscope: the module's output waveform" focusOrder=0 wantsFocus=0
  child 1 toggle id="" at 12,557 79x20 visible=1 title="Show Scope" tip="Show Scope" focusOrder=0 wantsFocus=1
  child 2 component id="" at 12,93 256x150 visible=1 title="Envelope curve" tip="Curve editor: Left/Right pick a point, Alt+arrows move it, Delete removes it. Mouse: drag points and bend handles, double-click to add or remove a point" focusOrder=0 wantsFocus=1
  child 3 component id="" at 12,463 256x48 visible=1 title="Threshold meter" tip="Input level against the trigger threshold; the marker is the effective threshold" focusOrder=0 wantsFocus=0
  child 4 drawableButton id="" at 230,2 22x20 visible=1 title="Bypass" tip="Bypass" focusOrder=0 wantsFocus=1
  child 5 drawableButton id="" at 206,2 22x20 visible=1 title="Mute" tip="Mute" focusOrder=0 wantsFocus=1
  child 6 drawableButton id="" at 254,2 22x20 visible=1 title="Delete" tip="Delete module" focusOrder=0 wantsFocus=1
  child 7 slider id="Attack" at 17,315 40x96 visible=1 title="Attack" tip="Attack" focusOrder=0 wantsFocus=1
  child 8 label id="" at 17,297 40x18 visible=1 title="" tip="Attack" focusOrder=0 wantsFocus=0
  child 9 slider id="Decay" at 119,315 40x96 visible=1 title="Decay" tip="Decay" focusOrder=0 wantsFocus=1
  child 10 label id="" at 119,297 40x18 visible=1 title="" tip="Decay" focusOrder=0 wantsFocus=0
  child 11 slider id="Sustain" at 170,315 40x96 visible=1 title="Sustain" tip="Sustain" focusOrder=0 wantsFocus=1
  child 12 label id="" at 165,297 51x18 visible=1 title="" tip="Sustain" focusOrder=0 wantsFocus=0
  child 13 slider id="Release" at 221,315 40x96 visible=1 title="Release" tip="Release" focusOrder=0 wantsFocus=1
  child 14 label id="" at 221,297 40x18 visible=1 title="" tip="Release" focusOrder=0 wantsFocus=0
  child 15 slider id="Hold" at 68,315 40x96 visible=1 title="Hold" tip="Hold" focusOrder=0 wantsFocus=1
  child 16 label id="" at 68,297 40x18 visible=1 title="" tip="Hold" focusOrder=0 wantsFocus=0
  child 17 component id="Tempo Sync" at 12,267 256x24 visible=1 title="Tempo Sync" tip="Tempo Sync" focusOrder=0 wantsFocus=1
  child 18 label id="" at 12,249 256x18 visible=1 title="" tip="Tempo Sync" focusOrder=0 wantsFocus=0
  child 19 slider id="Attack Div" at 17,315 40x96 visible=0 title="Attack Div" tip="Attack Div" focusOrder=0 wantsFocus=1
  child 20 label id="" at 17,297 40x18 visible=0 title="" tip="Attack Div" focusOrder=0 wantsFocus=0
  child 21 slider id="Hold Div" at 68,315 40x96 visible=0 title="Hold Div" tip="Hold Div" focusOrder=0 wantsFocus=1
  child 22 label id="" at 68,297 40x18 visible=0 title="" tip="Hold Div" focusOrder=0 wantsFocus=0
  child 23 slider id="Decay Div" at 119,315 40x96 visible=0 title="Decay Div" tip="Decay Div" focusOrder=0 wantsFocus=1
  child 24 label id="" at 119,297 40x18 visible=0 title="" tip="Decay Div" focusOrder=0 wantsFocus=0
  child 25 slider id="Release Div" at 221,315 40x96 visible=0 title="Release Div" tip="Release Div" focusOrder=0 wantsFocus=1
  child 26 label id="" at 221,297 40x18 visible=0 title="" tip="Release Div" focusOrder=0 wantsFocus=0
  child 27 toggle id="Poly" at 12,525 41x20 visible=1 title="Poly" tip="Poly" focusOrder=0 wantsFocus=1
  child 28 slider id="Velocity" at 12,429 256x28 visible=1 title="Velocity" tip="Velocity" focusOrder=0 wantsFocus=1
  child 29 label id="" at 12,411 256x18 visible=1 title="" tip="" focusOrder=0 wantsFocus=0
  child 30 component id="" at 4,32 12x12 visible=1 title="Midi input" tip="" focusOrder=0 wantsFocus=0
  child 31 component id="" at 4,52 12x12 visible=1 title="Gate input" tip="" focusOrder=0 wantsFocus=0
  child 32 component id="" at 4,72 12x12 visible=1 title="Threshold input" tip="" focusOrder=0 wantsFocus=0
  child 33 component id="" at 264,52 12x12 visible=1 title="Env output" tip="" focusOrder=0 wantsFocus=0
  child 34 toggle id="" at 59,525 127x20 visible=1 title="Show Envelope Graph" tip="Show Envelope Graph" focusOrder=0 wantsFocus=1
  in 0 10, 58
  in 1 10, 78
  in 2 48, 386
  in 3 100, 386
  in 4 150, 386
  in 5 202, 386
  in 6 252, 386
  in 7 18, 454
  out 0 270, 58
