type Compressor size 280x365
  child 0 component id="" at 12,93 256x28 visible=1 title="Gain reduction meter" tip="Gain reduction: how far the level is being turned down right now" focusOrder=0 wantsFocus=0
  child 1 drawableButton id="" at 230,2 22x20 visible=1 title="Bypass" tip="Bypass" focusOrder=0 wantsFocus=1
  child 2 drawableButton id="" at 206,2 22x20 visible=1 title="Mute" tip="Mute" focusOrder=0 wantsFocus=1
  child 3 drawableButton id="" at 254,2 22x20 visible=1 title="Delete" tip="Delete module" focusOrder=0 wantsFocus=1
  child 4 drawableButton id="" at 182,2 22x20 visible=1 title="Dual I/O" tip="Dual I/O off - one Audio jack (Left + Right)" focusOrder=0 wantsFocus=1
  child 5 slider id="Threshold (dB)" at 56,145 40x96 visible=1 title="Threshold (dB)" tip="Threshold (dB)" focusOrder=0 wantsFocus=1
  child 6 label id="" at 12,127 128x18 visible=1 title="" tip="" focusOrder=0 wantsFocus=0
  child 7 knob id="Ratio" at 12,259 85x58 visible=1 title="Ratio" tip="Ratio" focusOrder=0 wantsFocus=1
  child 8 label id="" at 12,241 85x18 visible=1 title="" tip="" focusOrder=0 wantsFocus=0
  child 9 knob id="Attack (ms)" at 97,259 85x58 visible=1 title="Attack (ms)" tip="Attack (ms)" focusOrder=0 wantsFocus=1
  child 10 label id="" at 97,241 85x18 visible=1 title="" tip="" focusOrder=0 wantsFocus=0
  child 11 knob id="Release (ms)" at 182,259 85x58 visible=1 title="Release (ms)" tip="Release (ms)" focusOrder=0 wantsFocus=1
  child 12 label id="" at 182,241 85x18 visible=1 title="" tip="" focusOrder=0 wantsFocus=0
  child 13 slider id="Makeup Gain (dB)" at 184,145 40x96 visible=1 title="Makeup Gain (dB)" tip="Makeup Gain (dB)" focusOrder=0 wantsFocus=1
  child 14 label id="" at 140,127 128x18 visible=1 title="" tip="Makeup Gain (dB)" focusOrder=0 wantsFocus=0
  child 15 slider id="Knee (dB)" at 65,321 203x28 visible=1 title="Knee (dB)" tip="Knee (dB)" focusOrder=0 wantsFocus=1
  child 16 label id="" at 12,321 53x28 visible=1 title="" tip="" focusOrder=0 wantsFocus=0
  child 17 component id="" at 4,52 12x12 visible=1 title="Audio input" tip="" focusOrder=0 wantsFocus=0
  child 18 component id="" at 4,72 12x12 visible=1 title="Key input" tip="" focusOrder=0 wantsFocus=0
  child 19 component id="" at 264,52 12x12 visible=1 title="Audio output" tip="" focusOrder=0 wantsFocus=0
  in 0 10, 58
  in 1 88, 216
  in 2 37, 296
  in 3 122, 296
  in 4 207, 296
  in 5 216, 216
  in 6 10, 78
  in 7 72, 346
  out 0 270, 58
