type Envelope Follower size 280x245
  child 0 component id="" at 0,0 0x0 visible=0 title="Oscilloscope" tip="Oscilloscope: the module's output waveform" focusOrder=0 wantsFocus=0
  child 1 toggle id="" at 12,205 79x20 visible=1 title="Show Scope" tip="Show Scope" focusOrder=0 wantsFocus=1
  child 2 drawableButton id="" at 230,2 22x20 visible=1 title="Bypass" tip="Bypass" focusOrder=0 wantsFocus=1
  child 3 drawableButton id="" at 206,2 22x20 visible=1 title="Mute" tip="Mute" focusOrder=0 wantsFocus=1
  child 4 drawableButton id="" at 254,2 22x20 visible=1 title="Delete" tip="Delete module" focusOrder=0 wantsFocus=1
  child 5 knob id="Attack (ms)" at 12,139 85x58 visible=1 title="Attack (ms)" tip="Attack (ms)" focusOrder=0 wantsFocus=1
  child 6 label id="" at 12,121 85x18 visible=1 title="" tip="" focusOrder=0 wantsFocus=0
  child 7 knob id="Release (ms)" at 97,139 85x58 visible=1 title="Release (ms)" tip="Release (ms)" focusOrder=0 wantsFocus=1
  child 8 label id="" at 97,121 85x18 visible=1 title="" tip="" focusOrder=0 wantsFocus=0
  child 9 knob id="Sensitivity" at 182,139 85x58 visible=1 title="Sensitivity" tip="Sensitivity" focusOrder=0 wantsFocus=1
  child 10 label id="" at 182,121 85x18 visible=1 title="" tip="" focusOrder=0 wantsFocus=0
  child 11 component id="Detection" at 12,91 256x24 visible=1 title="Detection" tip="Detection" focusOrder=0 wantsFocus=1
  child 12 label id="" at 12,73 256x18 visible=1 title="" tip="" focusOrder=0 wantsFocus=0
  child 13 component id="" at 4,52 12x12 visible=1 title="Audio input" tip="" focusOrder=0 wantsFocus=0
  child 14 component id="" at 264,52 12x12 visible=1 title="Env output" tip="" focusOrder=0 wantsFocus=0
  in 0 10, 58
  in 1 37, 176
  in 2 122, 176
  in 3 207, 176
  out 0 270, 58
