type Limiter size 280x423
  child 0 component id="" at 12,187 256x28 visible=1 title="Gain reduction meter" tip="Gain reduction: how far the level is being turned down right now" focusOrder=0 wantsFocus=0
  child 1 drawableButton id="" at 230,2 22x20 visible=1 title="Bypass" tip="Bypass" focusOrder=0 wantsFocus=1
  child 2 drawableButton id="" at 206,2 22x20 visible=1 title="Mute" tip="Mute" focusOrder=0 wantsFocus=1
  child 3 drawableButton id="" at 254,2 22x20 visible=1 title="Delete" tip="Delete module" focusOrder=0 wantsFocus=1
  child 4 drawableButton id="" at 182,2 22x20 visible=1 title="Dual I/O" tip="Dual I/O off - one Audio jack (Left + Right)" focusOrder=0 wantsFocus=1
  child 5 knob id="Threshold (dB)" at 12,353 85x58 visible=1 title="Threshold (dB)" tip="Threshold (dB)" focusOrder=0 wantsFocus=1
  child 6 label id="" at 12,335 85x18 visible=1 title="" tip="" focusOrder=0 wantsFocus=0
  child 7 knob id="Release (ms)" at 97,353 85x58 visible=1 title="Release (ms)" tip="Release (ms)" focusOrder=0 wantsFocus=1
  child 8 label id="" at 97,335 85x18 visible=1 title="" tip="" focusOrder=0 wantsFocus=0
  child 9 slider id="Input Gain (dB)" at 34,91 40x96 visible=1 title="Input Gain (dB)" tip="Input Gain (dB)" focusOrder=0 wantsFocus=1
  child 10 label id="" at 12,73 85x18 visible=1 title="" tip="" focusOrder=0 wantsFocus=0
  child 11 slider id="Ceiling (dB)" at 34,239 40x96 visible=1 title="Ceiling (dB)" tip="Ceiling (dB)" focusOrder=0 wantsFocus=1
  child 12 label id="" at 12,221 85x18 visible=1 title="" tip="" focusOrder=0 wantsFocus=0
  child 13 component id="" at 4,52 12x12 visible=1 title="Audio input" tip="" focusOrder=0 wantsFocus=0
  child 14 component id="" at 264,52 12x12 visible=1 title="Audio output" tip="" focusOrder=0 wantsFocus=0
  in 0 10, 58
  in 1 37, 390
  in 2 122, 390
  in 3 66, 162
  in 4 66, 310
  out 0 270, 58
