type MidiKeyboard size 560x160
  child 0 drawableButton id="" at 510,2 22x20 visible=1 title="Bypass" tip="Bypass" focusOrder=0 wantsFocus=1
  child 1 drawableButton id="" at 486,2 22x20 visible=1 title="Mute" tip="Mute" focusOrder=0 wantsFocus=1
  child 2 drawableButton id="" at 534,2 22x20 visible=1 title="Delete" tip="Delete module" focusOrder=0 wantsFocus=1
  child 3 component id="" at 10,60 540x90 visible=1 title="Keyboard" tip="" focusOrder=0 wantsFocus=1
  child 4 label id="" at 10,32 52x24 visible=1 title="" tip="" focusOrder=0 wantsFocus=0
  child 5 component id="Octave" at 62,32 132x24 visible=1 title="Octave" tip="Octave" focusOrder=0 wantsFocus=0
  child 6 component id="" at 544,32 12x12 visible=1 title="Midi output" tip="" focusOrder=0 wantsFocus=0
