type Oscillator size 280x471
  child 0 component id="" at 0,0 0x0 visible=0 title="Oscilloscope" tip="Oscilloscope: the module's output waveform" focusOrder=0 wantsFocus=0
  child 1 toggle id="" at 59,431 79x20 visible=1 title="Show Scope" tip="Show Scope" focusOrder=0 wantsFocus=1
  child 2 drawableButton id="" at 230,2 22x20 visible=1 title="Bypass" tip="Bypass" focusOrder=0 wantsFocus=1
  child 3 drawableButton id="" at 206,2 22x20 visible=1 title="Mute" tip="Mute" focusOrder=0 wantsFocus=1
  child 4 drawableButton id="" at 254,2 22x20 visible=1 title="Delete" tip="Delete module" focusOrder=0 wantsFocus=1
  child 5 drawableButton id="" at 182,2 22x20 visible=1 title="Dual I/O" tip="Dual I/O on - separate Left and Right jacks" focusOrder=0 wantsFocus=1
  child 6 component id="Waveform" at 12,111 256x24 visible=1 title="Waveform" tip="Waveform" focusOrder=0 wantsFocus=1
  child 7 label id="" at 12,93 256x18 visible=1 title="" tip="" focusOrder=0 wantsFocus=0
  child 8 knob id="Octave" at 12,177 64x58 visible=1 title="Octave" tip="Octave" focusOrder=0 wantsFocus=1
  child 9 label id="" at 12,159 64x18 visible=1 title="" tip="" focusOrder=0 wantsFocus=0
  child 10 knob id="Coarse" at 76,177 64x58 visible=1 title="Coarse" tip="Coarse" focusOrder=0 wantsFocus=1
  child 11 label id="" at 76,159 64x18 visible=1 title="" tip="" focusOrder=0 wantsFocus=0
  child 12 knob id="Fine" at 140,177 64x58 visible=1 title="Fine" tip="Fine" focusOrder=0 wantsFocus=1
  child 13 label id="" at 140,159 64x18 visible=1 title="" tip="" focusOrder=0 wantsFocus=0
  child 14 knob id="Level" at 12,365 85x58 visible=1 title="Level" tip="Level" focusOrder=0 wantsFocus=1
  child 15 label id="" at 12,347 85x18 visible=1 title="" tip="" focusOrder=0 wantsFocus=0
  child 16 toggle id="Poly" at 12,431 41x20 visible=1 title="Poly" tip="Poly" focusOrder=0 wantsFocus=1
  child 17 knob id="Unison" at 12,271 85x58 visible=1 title="Unison" tip="Unison" focusOrder=0 wantsFocus=1
  child 18 label id="" at 12,253 85x18 visible=1 title="" tip="" focusOrder=0 wantsFocus=0
  child 19 knob id="Detune" at 97,271 85x58 visible=1 title="Detune" tip="Detune (inactive in this mode)" focusOrder=0 wantsFocus=1
  child 20 label id="" at 97,253 85x18 visible=1 title="" tip="" focusOrder=0 wantsFocus=0
  child 21 knob id="Pan" at 97,365 85x58 visible=1 title="Pan" tip="Pan" focusOrder=0 wantsFocus=1
  child 22 label id="" at 97,347 85x18 visible=1 title="" tip="" focusOrder=0 wantsFocus=0
  child 23 knob id="Pulse Width" at 182,271 85x58 visible=1 title="Pulse Width" tip="Pulse Width (inactive in this mode)" focusOrder=0 wantsFocus=1
  child 24 label id="" at 182,253 85x18 visible=1 title="" tip="" focusOrder=0 wantsFocus=0
  child 25 knob id="Glide" at 204,177 64x58 visible=1 title="Glide" tip="Glide" focusOrder=0 wantsFocus=1
  child 26 label id="" at 204,159 64x18 visible=1 title="" tip="" focusOrder=0 wantsFocus=0
  child 27 label id="cardSectionHeader" at 12,141 256x18 visible=1 title="" tip="" focusOrder=0 wantsFocus=0
  child 28 label id="cardSectionHeader" at 12,235 256x18 visible=1 title="" tip="" focusOrder=0 wantsFocus=0
  child 29 label id="cardSectionHeader" at 12,329 256x18 visible=1 title="" tip="" focusOrder=0 wantsFocus=0
  child 30 component id="" at 4,32 12x12 visible=1 title="Midi input" tip="" focusOrder=0 wantsFocus=0
  child 31 component id="" at 4,52 12x12 visible=1 title="Pitch input" tip="" focusOrder=0 wantsFocus=0
  child 32 component id="" at 4,72 12x12 visible=1 title="Waveform input" tip="" focusOrder=0 wantsFocus=0
  child 33 component id="" at 264,52 12x12 visible=1 title="Audio L output" tip="" focusOrder=0 wantsFocus=0
  child 34 component id="" at 264,72 12x12 visible=1 title="Audio R output" tip="" focusOrder=0 wantsFocus=0
  in 0 10, 58
  in 1 10, 78
  in 2 26, 214
  in 3 90, 214
  in 4 154, 214
  in 5 37, 402
  in 6 122, 402
  in 7 37, 308
  in 8 122, 308
  in 9 207, 308
  in 10 218, 214
  out 0 270, 58
  out 1 270, 78
