type Reverb size 280x423
  child 0 drawableButton id="" at 230,2 22x20 visible=1 title="Bypass" tip="Bypass" focusOrder=0 wantsFocus=1
  child 1 drawableButton id="" at 206,2 22x20 visible=1 title="Mute" tip="Mute" focusOrder=0 wantsFocus=1
  child 2 drawableButton id="" at 254,2 22x20 visible=1 title="Delete" tip="Delete module" focusOrder=0 wantsFocus=1
  child 3 drawableButton id="" at 182,2 22x20 visible=1 title="Dual I/O" tip="Dual I/O off - one Audio jack (Left + Right)" focusOrder=0 wantsFocus=1
  child 4 knob id="Room Size" at 12,109 85x58 visible=1 title="Room Size" tip="Room Size" focusOrder=0 wantsFocus=1
  child 5 label id="" at 12,91 85x18 visible=1 title="" tip="" focusOrder=0 wantsFocus=0
  child 6 knob id="Damping" at 97,109 85x58 visible=1 title="Damping" tip="Damping" focusOrder=0 wantsFocus=1
  child 7 label id="" at 97,91 85x18 visible=1 title="" tip="" focusOrder=0 wantsFocus=0
  child 8 slider id="Wet" at 119,203 40x96 visible=1 title="Wet" tip="Wet" focusOrder=0 wantsFocus=1
  child 9 label id="" at 97,185 85x18 visible=1 title="" tip="" focusOrder=0 wantsFocus=0
  child 10 slider id="Dry" at 34,203 40x96 visible=1 title="Dry" tip="Dry" focusOrder=0 wantsFocus=1
  child 11 label id="" at 12,185 85x18 visible=1 title="" tip="" focusOrder=0 wantsFocus=0
  child 12 knob id="Width" at 12,317 85x58 visible=1 title="Width" tip="Width" focusOrder=0 wantsFocus=1
  child 13 label id="" at 12,299 85x18 visible=1 title="" tip="" focusOrder=0 wantsFocus=0
  child 14 knob id="Pre-Delay (ms)" at 182,109 85x58 visible=1 title="Pre-Delay (ms)" tip="Pre-Delay (ms)" focusOrder=0 wantsFocus=1
  child 15 label id="" at 182,91 85x18 visible=1 title="" tip="" focusOrder=0 wantsFocus=0
  child 16 slider id="Level" at 44,379 224x28 visible=1 title="Level" tip="Level" focusOrder=0 wantsFocus=1
  child 17 label id="" at 12,379 32x28 visible=1 title="" tip="" focusOrder=0 wantsFocus=0
  child 18 label id="cardSectionHeader" at 12,73 256x18 visible=1 title="" tip="" focusOrder=0 wantsFocus=0
  child 19 label id="cardSectionHeader" at 12,167 256x18 visible=1 title="" tip="" focusOrder=0 wantsFocus=0
  child 20 component id="" at 4,52 12x12 visible=1 title="Audio input" tip="" focusOrder=0 wantsFocus=0
  child 21 component id="" at 264,52 12x12 visible=1 title="Audio output" tip="" focusOrder=0 wantsFocus=0
  in 0 10, 58
  in 1 37, 146
  in 2 122, 146
  in 3 150, 274
  in 4 66, 274
  in 5 37, 354
  in 6 207, 146
  out 0 270, 58
