type Ring Modulator size 280x249
  child 0 component id="" at 0,0 0x0 visible=0 title="Oscilloscope" tip="Oscilloscope: the module's output waveform" focusOrder=0 wantsFocus=0
  child 1 toggle id="" at 12,209 79x20 visible=1 title="Show Scope" tip="Show Scope" focusOrder=0 wantsFocus=1
  child 2 drawableButton id="" at 230,2 22x20 visible=1 title="Bypass" tip="Bypass" focusOrder=0 wantsFocus=1
  child 3 drawableButton id="" at 206,2 22x20 visible=1 title="Mute" tip="Mute" focusOrder=0 wantsFocus=1
  child 4 drawableButton id="" at 254,2 22x20 visible=1 title="Delete" tip="Delete module" focusOrder=0 wantsFocus=1
  child 5 drawableButton id="" at 182,2 22x20 visible=1 title="Dual I/O" tip="Dual I/O off - one Audio jack (Left + Right)" focusOrder=0 wantsFocus=1
  child 6 knob id="Drive" at 12,111 85x58 visible=1 title="Drive" tip="Drive" focusOrder=0 wantsFocus=1
  child 7 label id="" at 12,93 85x18 visible=1 title="" tip="" focusOrder=0 wantsFocus=0
  child 8 knob id="Mix" at 182,111 85x58 visible=1 title="Mix" tip="Mix" focusOrder=0 wantsFocus=1
  child 9 label id="" at 182,93 85x18 visible=1 title="" tip="" focusOrder=0 wantsFocus=0
  child 10 knob id="Character" at 97,111 85x58 visible=1 title="Character" tip="Character" focusOrder=0 wantsFocus=1
  child 11 label id="" at 97,93 85x18 visible=1 title="" tip="" focusOrder=0 wantsFocus=0
  child 12 combo id="" at 83,175 74x24 visible=1 title="Oversampling" tip="Oversampling" focusOrder=0 wantsFocus=1
  child 13 label id="" at 12,173 71x28 visible=1 title="" tip="" focusOrder=0 wantsFocus=0
  child 14 slider id="Level" at 194,173 74x28 visible=1 title="Level" tip="Level" focusOrder=0 wantsFocus=1
  child 15 label id="" at 163,173 31x28 visible=1 title="" tip="" focusOrder=0 wantsFocus=0
  child 16 component id="" at 4,52 12x12 visible=1 title="Carrier input" tip="" focusOrder=0 wantsFocus=0
  child 17 component id="" at 4,72 12x12 visible=1 title="Modulator input" tip="" focusOrder=0 wantsFocus=0
  child 18 component id="" at 264,52 12x12 visible=1 title="Audio output" tip="" focusOrder=0 wantsFocus=0
  in 0 10, 58
  in 1 10, 78
  in 2 207, 148
  in 3 37, 148
  in 4 122, 148
  out 0 270, 58
