type Sequencer size 560x406
  child 0 drawableButton id="" at 510,2 22x20 visible=1 title="Bypass" tip="Bypass" focusOrder=0 wantsFocus=1
  child 1 drawableButton id="" at 486,2 22x20 visible=1 title="Mute" tip="Mute" focusOrder=0 wantsFocus=1
  child 2 drawableButton id="" at 534,2 22x20 visible=1 title="Delete" tip="Delete module" focusOrder=0 wantsFocus=1
  child 3 toggle id="Run" at 40,30 60x24 visible=1 title="Run" tip="Run" focusOrder=0 wantsFocus=1
  child 4 knob id="BPM" at 100,50 60x50 visible=1 title="BPM" tip="BPM" focusOrder=0 wantsFocus=1
  child 5 label id="" at 100,30 60x20 visible=1 title="" tip="" focusOrder=0 wantsFocus=0
  child 6 knob id="Gate 1" at 10,130 55x50 visible=1 title="Gate 1" tip="Gate 1" focusOrder=0 wantsFocus=1
  child 7 label id="" at 10,110 55x20 visible=1 title="" tip="" focusOrder=0 wantsFocus=0
  child 8 knob id="Gate 2" at 70,130 55x50 visible=1 title="Gate 2" tip="Gate 2" focusOrder=0 wantsFocus=1
  child 9 label id="" at 70,110 55x20 visible=1 title="" tip="" focusOrder=0 wantsFocus=0
  child 10 knob id="Gate 3" at 130,130 55x50 visible=1 title="Gate 3" tip="Gate 3" focusOrder=0 wantsFocus=1
  child 11 label id="" at 130,110 55x20 visible=1 title="" tip="" focusOrder=0 wantsFocus=0
  child 12 knob id="Gate 4" at 190,130 55x50 visible=1 title="Gate 4" tip="Gate 4" focusOrder=0 wantsFocus=1
  child 13 label id="" at 190,110 55x20 visible=1 title="" tip="" focusOrder=0 wantsFocus=0
  child 14 knob id="Gate 5" at 250,130 55x50 visible=1 title="Gate 5" tip="Gate 5" focusOrder=0 wantsFocus=1
  child 15 label id="" at 250,110 55x20 visible=1 title="" tip="" focusOrder=0 wantsFocus=0
  child 16 knob id="Gate 6" at 310,130 55x50 visible=1 title="Gate 6" tip="Gate 6" focusOrder=0 wantsFocus=1
  child 17 label id="" at 310,110 55x20 visible=1 title="" tip="" focusOrder=0 wantsFocus=0
  child 18 knob id="Gate 7" at 370,130 55x50 visible=1 title="Gate 7" tip="Gate 7" focusOrder=0 wantsFocus=1
  child 19 label id="" at 370,110 55x20 visible=1 title="" tip="" focusOrder=0 wantsFocus=0
  child 20 knob id="Gate 8" at 430,130 55x50 visible=1 title="Gate 8" tip="Gate 8" focusOrder=0 wantsFocus=1
  child 21 label id="" at 430,110 55x20 visible=1 title="" tip="" focusOrder=0 wantsFocus=0
  child 22 knob id="Pitch 1" at 10,210 55x50 visible=1 title="Pitch 1" tip="Pitch 1" focusOrder=0 wantsFocus=1
  child 23 label id="" at 10,190 55x20 visible=1 title="" tip="" focusOrder=0 wantsFocus=0
  child 24 knob id="Pitch 2" at 70,210 55x50 visible=1 title="Pitch 2" tip="Pitch 2" focusOrder=0 wantsFocus=1
  child 25 label id="" at 70,190 55x20 visible=1 title="" tip="" focusOrder=0 wantsFocus=0
  child 26 knob id="Pitch 3" at 130,210 55x50 visible=1 title="Pitch 3" tip="Pitch 3" focusOrder=0 wantsFocus=1
  child 27 label id="" at 130,190 55x20 visible=1 title="" tip="" focusOrder=0 wantsFocus=0
  child 28 knob id="Pitch 4" at 190,210 55x50 visible=1 title="Pitch 4" tip="Pitch 4" focusOrder=0 wantsFocus=1
  child 29 label id="" at 190,190 55x20 visible=1 title="" tip="" focusOrder=0 wantsFocus=0
  child 30 knob id="Pitch 5" at 250,210 55x50 visible=1 title="Pitch 5" tip="Pitch 5" focusOrder=0 wantsFocus=1
  child 31 label id="" at 250,190 55x20 visible=1 title="" tip="" focusOrder=0 wantsFocus=0
  child 32 knob id="Pitch 6" at 310,210 55x50 visible=1 title="Pitch 6" tip="Pitch 6" focusOrder=0 wantsFocus=1
  child 33 label id="" at 310,190 55x20 visible=1 title="" tip="" focusOrder=0 wantsFocus=0
  child 34 knob id="Pitch 7" at 370,210 55x50 visible=1 title="Pitch 7" tip="Pitch 7" focusOrder=0 wantsFocus=1
  child 35 label id="" at 370,190 55x20 visible=1 title="" tip="" focusOrder=0 wantsFocus=0
  child 36 knob id="Pitch 8" at 430,210 55x50 visible=1 title="Pitch 8" tip="Pitch 8" focusOrder=0 wantsFocus=1
  child 37 label id="" at 430,190 55x20 visible=1 title="" tip="" focusOrder=0 wantsFocus=0
  child 38 knob id="F.Env 1" at 10,290 55x50 visible=1 title="F.Env 1" tip="F.Env 1" focusOrder=0 wantsFocus=1
  child 39 label id="" at 10,270 55x20 visible=1 title="" tip="" focusOrder=0 wantsFocus=0
  child 40 knob id="F.Env 2" at 70,290 55x50 visible=1 title="F.Env 2" tip="F.Env 2" focusOrder=0 wantsFocus=1
  child 41 label id="" at 70,270 55x20 visible=1 title="" tip="" focusOrder=0 wantsFocus=0
  child 42 knob id="F.Env 3" at 130,290 55x50 visible=1 title="F.Env 3" tip="F.Env 3" focusOrder=0 wantsFocus=1
  child 43 label id="" at 130,270 55x20 visible=1 title="" tip="" focusOrder=0 wantsFocus=0
  child 44 knob id="F.Env 4" at 190,290 55x50 visible=1 title="F.Env 4" tip="F.Env 4" focusOrder=0 wantsFocus=1
  child 45 label id="" at 190,270 55x20 visible=1 title="" tip="" focusOrder=0 wantsFocus=0
  child 46 knob id="F.Env 5" at 250,290 55x50 visible=1 title="F.Env 5" tip="F.Env 5" focusOrder=0 wantsFocus=1
  child 47 label id="" at 250,270 55x20 visible=1 title="" tip="" focusOrder=0 wantsFocus=0
  child 48 knob id="F.Env 6" at 310,290 55x50 visible=1 title="F.Env 6" tip="F.Env 6" focusOrder=0 wantsFocus=1
  child 49 label id="" at 310,270 55x20 visible=1 title="" tip="" focusOrder=0 wantsFocus=0
  child 50 knob id="F.Env 7" at 370,290 55x50 visible=1 title="F.Env 7" tip="F.Env 7" focusOrder=0 wantsFocus=1
  child 51 label id="" at 370,270 55x20 visible=1 title="" tip="" focusOrder=0 wantsFocus=0
  child 52 knob id="F.Env 8" at 430,290 55x50 visible=1 title="F.Env 8" tip="F.Env 8" focusOrder=0 wantsFocus=1
  child 53 label id="" at 430,270 55x20 visible=1 title="" tip="" focusOrder=0 wantsFocus=0
  child 54 toggle id="Sync to Transport" at 10,380 200x24 visible=1 title="Sync to Transport" tip="Sync to Transport" focusOrder=0 wantsFocus=1
  child 55 component id="" at 544,32 12x12 visible=1 title="Midi output" tip="" focusOrder=0 wantsFocus=0
